MPLINK 5.08, LINKER
Linker Map File - Created Thu Sep  6 09:43:59 2018

                                 Section Info
                  Section       Type    Address   Location Size(Bytes)
                ---------  ---------  ---------  ---------  ---------
                   .org_0       code   0x000000    program   0x000000
                   .org_2       code   0x000000    program   0x000002
                   .org_3       code   0x000004    program   0x0001a2
.config_2007_/HOME/ALEXANDRE/MPLABXPROJECTS/A       code   0x002007    program   0x000002
                   .org_1       code   0x002100    program   0x000012



                              Program Memory Usage 
                               Start         End      
                           ---------   ---------      
                            0x000000    0x000000      
                            0x000004    0x0000d4      
                            0x002007    0x002007      
                            0x002100    0x002108      
            220 out of 1158 program addresses used, program memory utilization is 18%



                              Symbols - Sorted by Name
                     Name    Address   Location    Storage File                     
                ---------  ---------  ---------  --------- ---------                
                  AGUARDA   0x00001f    program     static /home/alexandre/MPLABXProjects/Atividade2-Av2.X/AlexandreLcd.ASM
               CLEAR_DADO   0x00002a    program     static /home/alexandre/MPLABXProjects/Atividade2-Av2.X/AlexandreLcd.ASM
              CLEAR_DADO2   0x000036    program     static /home/alexandre/MPLABXProjects/Atividade2-Av2.X/AlexandreLcd.ASM
                CLEAR_GP4   0x000047    program     static /home/alexandre/MPLABXProjects/Atividade2-Av2.X/AlexandreLcd.ASM
                CLOCK_REG   0x00004a    program     static /home/alexandre/MPLABXProjects/Atividade2-Av2.X/AlexandreLcd.ASM
                    DELAY   0x00003f    program     static /home/alexandre/MPLABXProjects/Atividade2-Av2.X/AlexandreLcd.ASM
                      FIM   0x0000d4    program     static /home/alexandre/MPLABXProjects/Atividade2-Av2.X/AlexandreLcd.ASM
             GRAVA_EEPROM   0x000013    program     static /home/alexandre/MPLABXProjects/Atividade2-Av2.X/AlexandreLcd.ASM
                   INICIO   0x000058    program     static /home/alexandre/MPLABXProjects/Atividade2-Av2.X/AlexandreLcd.ASM
                LE_EEPROM   0x00000c    program     static /home/alexandre/MPLABXProjects/Atividade2-Av2.X/AlexandreLcd.ASM
                   LOOP_1   0x000041    program     static /home/alexandre/MPLABXProjects/Atividade2-Av2.X/AlexandreLcd.ASM
               LOOP_DADOS   0x0000bb    program     static /home/alexandre/MPLABXProjects/Atividade2-Av2.X/AlexandreLcd.ASM
                 LOOP_DIV   0x000026    program     static /home/alexandre/MPLABXProjects/Atividade2-Av2.X/AlexandreLcd.ASM
                LOOP_DIV2   0x000032    program     static /home/alexandre/MPLABXProjects/Atividade2-Av2.X/AlexandreLcd.ASM
                     MAIN   0x000063    program     static /home/alexandre/MPLABXProjects/Atividade2-Av2.X/AlexandreLcd.ASM
               REG_DESLOC   0x000044    program     static /home/alexandre/MPLABXProjects/Atividade2-Av2.X/AlexandreLcd.ASM
                     SAIR   0x00002d    program     static /home/alexandre/MPLABXProjects/Atividade2-Av2.X/AlexandreLcd.ASM
                    SAIR2   0x000039    program     static /home/alexandre/MPLABXProjects/Atividade2-Av2.X/AlexandreLcd.ASM
                  SAI_INT   0x000007    program     static /home/alexandre/MPLABXProjects/Atividade2-Av2.X/AlexandreLcd.ASM
                 SET_DADO   0x00002c    program     static /home/alexandre/MPLABXProjects/Atividade2-Av2.X/AlexandreLcd.ASM
                SET_DADO2   0x000038    program     static /home/alexandre/MPLABXProjects/Atividade2-Av2.X/AlexandreLcd.ASM
                  SET_GP4   0x000049    program     static /home/alexandre/MPLABXProjects/Atividade2-Av2.X/AlexandreLcd.ASM
               SUBROTINA1   0x000024    program     static /home/alexandre/MPLABXProjects/Atividade2-Av2.X/AlexandreLcd.ASM
             TRATAR_DADOS   0x000024    program     static /home/alexandre/MPLABXProjects/Atividade2-Av2.X/AlexandreLcd.ASM



                              Symbols - Sorted by Address
                     Name    Address   Location    Storage File                     
                ---------  ---------  ---------  --------- ---------                
                  SAI_INT   0x000007    program     static /home/alexandre/MPLABXProjects/Atividade2-Av2.X/AlexandreLcd.ASM
                LE_EEPROM   0x00000c    program     static /home/alexandre/MPLABXProjects/Atividade2-Av2.X/AlexandreLcd.ASM
             GRAVA_EEPROM   0x000013    program     static /home/alexandre/MPLABXProjects/Atividade2-Av2.X/AlexandreLcd.ASM
                  AGUARDA   0x00001f    program     static /home/alexandre/MPLABXProjects/Atividade2-Av2.X/AlexandreLcd.ASM
             TRATAR_DADOS   0x000024    program     static /home/alexandre/MPLABXProjects/Atividade2-Av2.X/AlexandreLcd.ASM
               SUBROTINA1   0x000024    program     static /home/alexandre/MPLABXProjects/Atividade2-Av2.X/AlexandreLcd.ASM
                 LOOP_DIV   0x000026    program     static /home/alexandre/MPLABXProjects/Atividade2-Av2.X/AlexandreLcd.ASM
               CLEAR_DADO   0x00002a    program     static /home/alexandre/MPLABXProjects/Atividade2-Av2.X/AlexandreLcd.ASM
                 SET_DADO   0x00002c    program     static /home/alexandre/MPLABXProjects/Atividade2-Av2.X/AlexandreLcd.ASM
                     SAIR   0x00002d    program     static /home/alexandre/MPLABXProjects/Atividade2-Av2.X/AlexandreLcd.ASM
                LOOP_DIV2   0x000032    program     static /home/alexandre/MPLABXProjects/Atividade2-Av2.X/AlexandreLcd.ASM
              CLEAR_DADO2   0x000036    program     static /home/alexandre/MPLABXProjects/Atividade2-Av2.X/AlexandreLcd.ASM
                SET_DADO2   0x000038    program     static /home/alexandre/MPLABXProjects/Atividade2-Av2.X/AlexandreLcd.ASM
                    SAIR2   0x000039    program     static /home/alexandre/MPLABXProjects/Atividade2-Av2.X/AlexandreLcd.ASM
                    DELAY   0x00003f    program     static /home/alexandre/MPLABXProjects/Atividade2-Av2.X/AlexandreLcd.ASM
                   LOOP_1   0x000041    program     static /home/alexandre/MPLABXProjects/Atividade2-Av2.X/AlexandreLcd.ASM
               REG_DESLOC   0x000044    program     static /home/alexandre/MPLABXProjects/Atividade2-Av2.X/AlexandreLcd.ASM
                CLEAR_GP4   0x000047    program     static /home/alexandre/MPLABXProjects/Atividade2-Av2.X/AlexandreLcd.ASM
                  SET_GP4   0x000049    program     static /home/alexandre/MPLABXProjects/Atividade2-Av2.X/AlexandreLcd.ASM
                CLOCK_REG   0x00004a    program     static /home/alexandre/MPLABXProjects/Atividade2-Av2.X/AlexandreLcd.ASM
                   INICIO   0x000058    program     static /home/alexandre/MPLABXProjects/Atividade2-Av2.X/AlexandreLcd.ASM
                     MAIN   0x000063    program     static /home/alexandre/MPLABXProjects/Atividade2-Av2.X/AlexandreLcd.ASM
               LOOP_DADOS   0x0000bb    program     static /home/alexandre/MPLABXProjects/Atividade2-Av2.X/AlexandreLcd.ASM
                      FIM   0x0000d4    program     static /home/alexandre/MPLABXProjects/Atividade2-Av2.X/AlexandreLcd.ASM


